// Jest Snapshot v1, https://goo.gl/fbAQLP

exports[`App should match the current snap 1`] = `
<div
  className="App"
>
  <div>
    <div
      className="NavHeader"
    >
      <div
        className="headerLogo"
      >
        <img
          alt="logo"
          className="App-logo"
          src="logo.svg"
        />
      </div>
      <div
        className="fixedHeader"
      >
        <h2
          className="titleText"
        >
          Welcome to HostMaker
        </h2>
      </div>
    </div>
  </div>
  <div
    className="propertyList container-fluid push"
    name="PropertyList"
  >
    <div
      className="container Title-header"
    >
      <h3>
        Your current listing's
      </h3>
    </div>
    <div
      className="container propertyItem"
    >
      <div
        className="panel"
      >
        <div
          className="row headings"
        >
          <div
            className="col-lg-offset-1 col-md-offset-1 col-lg-2 col-md-2  col-sm-3 col-xs-3"
          >
            Owner
          </div>
          <div
            className="col-lg-5 col-md-5  col-sm-5  col-xs-5"
          >
            Address
          </div>
          <div
            className="col-lg-4 col-md-4 col-sm-3  col-xs-3"
          >
            Income Generated
          </div>
        </div>
        <div
          className="row details"
        >
          <div
            className="owner col-lg-offset-1 col-md-offset-1 col-lg-2  col-md-2 col-sm-3  col-xs-3"
          >
            Carlos
          </div>
          <div
            className="address col-lg-5  col-md-5 col-sm-5  col-xs-5"
          >
            <div>
              Flat 5
            </div>
            <div>
              7 Westbourne Terrace
            </div>
            <div>
              London, U.K.
            </div>
            <div>
              W2 3UL
            </div>
          </div>
          <div
            className="income col-lg-4  col-md-4 col-sm-3  col-xs-3"
          >
            £2, 000.34
          </div>
        </div>
      </div>
    </div>
  </div>
  <div
    className="row search"
  >
    <div
      className="col-lg-offset-1 col-lg-5 search-panel"
    >
      <h3>
        Search Address
      </h3>
      <form
        onSubmit={[Function]}
      >
        <input
          onChange={[Function]}
          type="text"
          value=""
        />
      </form>
      <div
        className="searchedAddress start"
      >
        <p>
          Try an address or postcode
        </p>
      </div>
    </div>
  </div>
</div>
`;
